Archive member included to satisfy reference by file (symbol)

c:/program files (x86)/atmel/studio/7.0/toolchain/avr8/avr8-gnu-toolchain/bin/../lib/gcc/avr/5.4.0/../../../../avr/lib/avr6\libm.a(addsf3.o)
                              main.o (__subsf3)
c:/program files (x86)/atmel/studio/7.0/toolchain/avr8/avr8-gnu-toolchain/bin/../lib/gcc/avr/5.4.0/../../../../avr/lib/avr6\libm.a(addsf3x.o)
                              c:/program files (x86)/atmel/studio/7.0/toolchain/avr8/avr8-gnu-toolchain/bin/../lib/gcc/avr/5.4.0/../../../../avr/lib/avr6\libm.a(addsf3.o) (__addsf3x)
c:/program files (x86)/atmel/studio/7.0/toolchain/avr8/avr8-gnu-toolchain/bin/../lib/gcc/avr/5.4.0/../../../../avr/lib/avr6\libm.a(fixsfsi.o)
                              main.o (__fixsfsi)
c:/program files (x86)/atmel/studio/7.0/toolchain/avr8/avr8-gnu-toolchain/bin/../lib/gcc/avr/5.4.0/../../../../avr/lib/avr6\libm.a(fixunssfsi.o)
                              c:/program files (x86)/atmel/studio/7.0/toolchain/avr8/avr8-gnu-toolchain/bin/../lib/gcc/avr/5.4.0/../../../../avr/lib/avr6\libm.a(fixsfsi.o) (__fixunssfsi)
c:/program files (x86)/atmel/studio/7.0/toolchain/avr8/avr8-gnu-toolchain/bin/../lib/gcc/avr/5.4.0/../../../../avr/lib/avr6\libm.a(floatsisf.o)
                              main.o (__floatsisf)
c:/program files (x86)/atmel/studio/7.0/toolchain/avr8/avr8-gnu-toolchain/bin/../lib/gcc/avr/5.4.0/../../../../avr/lib/avr6\libm.a(fp_inf.o)
                              c:/program files (x86)/atmel/studio/7.0/toolchain/avr8/avr8-gnu-toolchain/bin/../lib/gcc/avr/5.4.0/../../../../avr/lib/avr6\libm.a(addsf3x.o) (__fp_inf)
c:/program files (x86)/atmel/studio/7.0/toolchain/avr8/avr8-gnu-toolchain/bin/../lib/gcc/avr/5.4.0/../../../../avr/lib/avr6\libm.a(fp_nan.o)
                              c:/program files (x86)/atmel/studio/7.0/toolchain/avr8/avr8-gnu-toolchain/bin/../lib/gcc/avr/5.4.0/../../../../avr/lib/avr6\libm.a(addsf3x.o) (__fp_nan)
c:/program files (x86)/atmel/studio/7.0/toolchain/avr8/avr8-gnu-toolchain/bin/../lib/gcc/avr/5.4.0/../../../../avr/lib/avr6\libm.a(fp_pscA.o)
                              c:/program files (x86)/atmel/studio/7.0/toolchain/avr8/avr8-gnu-toolchain/bin/../lib/gcc/avr/5.4.0/../../../../avr/lib/avr6\libm.a(addsf3x.o) (__fp_pscA)
c:/program files (x86)/atmel/studio/7.0/toolchain/avr8/avr8-gnu-toolchain/bin/../lib/gcc/avr/5.4.0/../../../../avr/lib/avr6\libm.a(fp_pscB.o)
                              c:/program files (x86)/atmel/studio/7.0/toolchain/avr8/avr8-gnu-toolchain/bin/../lib/gcc/avr/5.4.0/../../../../avr/lib/avr6\libm.a(addsf3x.o) (__fp_pscB)
c:/program files (x86)/atmel/studio/7.0/toolchain/avr8/avr8-gnu-toolchain/bin/../lib/gcc/avr/5.4.0/../../../../avr/lib/avr6\libm.a(fp_round.o)
                              c:/program files (x86)/atmel/studio/7.0/toolchain/avr8/avr8-gnu-toolchain/bin/../lib/gcc/avr/5.4.0/../../../../avr/lib/avr6\libm.a(addsf3.o) (__fp_round)
c:/program files (x86)/atmel/studio/7.0/toolchain/avr8/avr8-gnu-toolchain/bin/../lib/gcc/avr/5.4.0/../../../../avr/lib/avr6\libm.a(fp_split3.o)
                              c:/program files (x86)/atmel/studio/7.0/toolchain/avr8/avr8-gnu-toolchain/bin/../lib/gcc/avr/5.4.0/../../../../avr/lib/avr6\libm.a(addsf3x.o) (__fp_split3)
c:/program files (x86)/atmel/studio/7.0/toolchain/avr8/avr8-gnu-toolchain/bin/../lib/gcc/avr/5.4.0/../../../../avr/lib/avr6\libm.a(fp_zero.o)
                              c:/program files (x86)/atmel/studio/7.0/toolchain/avr8/avr8-gnu-toolchain/bin/../lib/gcc/avr/5.4.0/../../../../avr/lib/avr6\libm.a(addsf3x.o) (__fp_zero)
c:/program files (x86)/atmel/studio/7.0/toolchain/avr8/avr8-gnu-toolchain/bin/../lib/gcc/avr/5.4.0/../../../../avr/lib/avr6\libm.a(mulsf3.o)
                              main.o (__mulsf3)
c:/program files (x86)/atmel/studio/7.0/toolchain/avr8/avr8-gnu-toolchain/bin/../lib/gcc/avr/5.4.0/../../../../avr/lib/avr6\libm.a(mulsf3x.o)
                              c:/program files (x86)/atmel/studio/7.0/toolchain/avr8/avr8-gnu-toolchain/bin/../lib/gcc/avr/5.4.0/../../../../avr/lib/avr6\libm.a(mulsf3.o) (__mulsf3x)
c:/program files (x86)/atmel/studio/7.0/toolchain/avr8/avr8-gnu-toolchain/bin/../lib/gcc/avr/5.4.0/avr6\libgcc.a(_mulsi3.o)
                              weathersensor/WeatherSensor.o (__mulsi3)
c:/program files (x86)/atmel/studio/7.0/toolchain/avr8/avr8-gnu-toolchain/bin/../lib/gcc/avr/5.4.0/avr6\libgcc.a(_udivmodqi4.o)
                              DS3231/DS3231.o (__udivmodqi4)
c:/program files (x86)/atmel/studio/7.0/toolchain/avr8/avr8-gnu-toolchain/bin/../lib/gcc/avr/5.4.0/avr6\libgcc.a(_divmodhi4.o)
                              main.o (__divmodhi4)
c:/program files (x86)/atmel/studio/7.0/toolchain/avr8/avr8-gnu-toolchain/bin/../lib/gcc/avr/5.4.0/avr6\libgcc.a(_udivmodsi4.o)
                              SDCard/vendor/fat.o (__udivmodsi4)
[...]
Memory Configuration

Name             Origin             Length             Attributes
text             0x00000000         0x00040000         xr
data             0x00800200         0x00002000         rw !x
eeprom           0x00810000         0x00001000         rw !x
fuse             0x00820000         0x00000003         rw !x
lock             0x00830000         0x00000400         rw !x
signature        0x00840000         0x00000400         rw !x
user_signatures  0x00850000         0x00000400         rw !x
*default*        0x00000000         0xffffffff

Linker script and memory map

Address of section .data set to 0x800200
LOAD c:/program files (x86)/atmel/studio/7.0/toolchain/avr8/avr8-gnu-toolchain/bin/../lib/gcc/avr/5.4.0/../../../../avr/lib/avr6/crtatmega2560.o
LOAD DistanceLaser/DistanceLaser.o
LOAD DS3231/DS3231.o
LOAD Eeprom/eeprom.o
LOAD I2C_MASTER/i2c_master.o
LOAD main.o
LOAD SDCard/sdcard.o
LOAD SDCard/vendor/fat.o
LOAD SDCard/vendor/file.o
LOAD SDCard/vendor/mmc.o
LOAD SDCard/vendor/uart.o
LOAD servocontrol/Servo.o
LOAD servocontrol/ServoControl.o
LOAD usart/myUart.o
LOAD usonic/usonic.o
LOAD weathersensor/WeatherSensor.o
START GROUP
LOAD c:/program files (x86)/atmel/studio/7.0/toolchain/avr8/avr8-gnu-toolchain/bin/../lib/gcc/avr/5.4.0/../../../../avr/lib/avr6\libm.a
END GROUP
LOAD c:/program files (x86)/atmel/studio/7.0/toolchain/avr8/avr8-gnu-toolchain/bin/../lib/gcc/avr/5.4.0/avr6\libgcc.a
LOAD c:/program files (x86)/atmel/studio/7.0/toolchain/avr8/avr8-gnu-toolchain/bin/../lib/gcc/avr/5.4.0/../../../../avr/lib/avr6\libm.a
START GROUP
LOAD c:/program files (x86)/atmel/studio/7.0/toolchain/avr8/avr8-gnu-toolchain/bin/../lib/gcc/avr/5.4.0/avr6\libgcc.a
LOAD c:/program files (x86)/atmel/studio/7.0/toolchain/avr8/avr8-gnu-toolchain/bin/../lib/gcc/avr/5.4.0/../../../../avr/lib/avr6\libm.a
LOAD c:/program files (x86)/atmel/studio/7.0/toolchain/avr8/avr8-gnu-toolchain/bin/../lib/gcc/avr/5.4.0/../../../../avr/lib/avr6\libc.a
LOAD c:/program files (x86)/atmel/studio/7.0/toolchain/avr8/avr8-gnu-toolchain/bin/../lib/gcc/avr/5.4.0/../../../../avr/lib/avr6\libatmega2560.a
END GROUP
                0x00000000                __TEXT_REGION_ORIGIN__ = DEFINED (__TEXT_REGION_ORIGIN__)?__TEXT_REGION_ORIGIN__:0x0
                [0x00800200]                __DATA_REGION_ORIGIN__ = DEFINED (__DATA_REGION_ORIGIN__)?__DATA_REGION_ORIGIN__:0x800200
                [0x00040000]                __TEXT_REGION_LENGTH__ = DEFINED (__TEXT_REGION_LENGTH__)?__TEXT_REGION_LENGTH__:0x100000
                [0x00002000]                __DATA_REGION_LENGTH__ = DEFINED (__DATA_REGION_LENGTH__)?__DATA_REGION_LENGTH__:0xfe00
                [0x00001000]                __EEPROM_REGION_LENGTH__ = DEFINED (__EEPROM_REGION_LENGTH__)?__EEPROM_REGION_LENGTH__:0x10000
                [0x00000003]                __FUSE_REGION_LENGTH__ = DEFINED (__FUSE_REGION_LENGTH__)?__FUSE_REGION_LENGTH__:0x400
                0x00000400                __LOCK_REGION_LENGTH__ = DEFINED (__LOCK_REGION_LENGTH__)?__LOCK_REGION_LENGTH__:0x400
                0x00000400                __SIGNATURE_REGION_LENGTH__ = DEFINED (__SIGNATURE_REGION_LENGTH__)?__SIGNATURE_REGION_LENGTH__:0x400
                0x00000400                __USER_SIGNATURE_REGION_LENGTH__ = DEFINED (__USER_SIGNATURE_REGION_LENGTH__)?__USER_SIGNATURE_REGION_LENGTH__:0x400

.hash
 *(.hash)

.dynsym
 *(.dynsym)

.dynstr
 *(.dynstr)

.gnu.version
 *(.gnu.version)

.gnu.version_d
 *(.gnu.version_d)

.gnu.version_r
 *(.gnu.version_r)

.rel.init
 *(.rel.init)

.rela.init
 *(.rela.init)

.rel.text
 *(.rel.text)
 *(.rel.text.*)
 *(.rel.gnu.linkonce.t*)

.rela.text
 *(.rela.text)
 *(.rela.text.*)
 *(.rela.gnu.linkonce.t*)

.rel.fini
 *(.rel.fini)

.rela.fini
 *(.rela.fini)

.rel.rodata
 *(.rel.rodata)
 *(.rel.rodata.*)
 *(.rel.gnu.linkonce.r*)

.rela.rodata
 *(.rela.rodata)
 *(.rela.rodata.*)
 *(.rela.gnu.linkonce.r*)

.rel.data
 *(.rel.data)
 *(.rel.data.*)
 *(.rel.gnu.linkonce.d*)

.rela.data
 *(.rela.data)
 *(.rela.data.*)
 *(.rela.gnu.linkonce.d*)

.rel.ctors
 *(.rel.ctors)

.rela.ctors
 *(.rela.ctors)

.rel.dtors
 *(.rel.dtors)

.rela.dtors
 *(.rela.dtors)

.rel.got
 *(.rel.got)

.rela.got
 *(.rela.got)

.rel.bss
 *(.rel.bss)

.rela.bss
 *(.rela.bss)

.rel.plt
 *(.rel.plt)

.rela.plt
 *(.rela.plt)

.text           0x00000000     0x2a3a
 *(.vectors)
 .vectors       0x00000000       0xe4 c:/program files (x86)/atmel/studio/7.0/toolchain/avr8/avr8-gnu-toolchain/bin/../lib/gcc/avr/5.4.0/../../../../avr/lib/avr6/crtatmega2560.o
                0x00000000                __vector_default
                0x00000000                __vectors
 *(.vectors)
 *(.progmem.gcc*)
                0x000000e4                . = ALIGN (0x2)
                0x000000e4                __trampolines_start = .
 *(.trampolines)
 .trampolines   0x000000e4        0x0 linker stubs
 *(.trampolines*)
                0x000000e4                __trampolines_end = .
 *libprintf_flt.a:*(.progmem.data)
 *libc.a:*(.progmem.data)
 *(.progmem*)
                0x000000e4                . = ALIGN (0x2)
 *(.jumptables)
 *(.jumptables*)
 *(.lowtext)
 *(.lowtext*)
                0x000000e4                __ctors_start = .
 *(.ctors)
 .ctors         0x000000e4        0x2 DS3231/DS3231.o
 .ctors         0x000000e6        0x2 servocontrol/Servo.o
 .ctors         0x000000e8        0x2 usonic/usonic.o
                0x000000ea                __ctors_end = .
                0x000000ea                __dtors_start = .
 *(.dtors)
                0x000000ea                __dtors_end = .
 SORT(*)(.ctors)
 SORT(*)(.dtors)
 *(.init0)
 .init0         0x000000ea        0x0 c:/program files (x86)/atmel/studio/7.0/toolchain/avr8/avr8-gnu-toolchain/bin/../lib/gcc/avr/5.4.0/../../../../avr/lib/avr6/crtatmega2560.o
                0x000000ea                __init
 *(.init0)
 *(.init1)
 *(.init1)
 *(.init2)
 .init2         0x000000ea       0x10 c:/program files (x86)/atmel/studio/7.0/toolchain/avr8/avr8-gnu-toolchain/bin/../lib/gcc/avr/5.4.0/../../../../avr/lib/avr6/crtatmega2560.o
 *(.init2)
 *(.init3)
 *(.init3)
 *(.init4)
 .init4         0x000000fa       0x1a c:/program files (x86)/atmel/studio/7.0/toolchain/avr8/avr8-gnu-toolchain/bin/../lib/gcc/avr/5.4.0/avr6\libgcc.a(_copy_data.o)
                0x000000fa                __do_copy_data
 .init4         0x00000114       0x10 c:/program files (x86)/atmel/studio/7.0/toolchain/avr8/avr8-gnu-toolchain/bin/../lib/gcc/avr/5.4.0/avr6\libgcc.a(_clear_bss.o)
                0x00000114                __do_clear_bss
 *(.init4)
 *(.init5)
 *(.init5)
 *(.init6)
 .init6         0x00000124       0x20 c:/program files (x86)/atmel/studio/7.0/toolchain/avr8/avr8-gnu-toolchain/bin/../lib/gcc/avr/5.4.0/avr6\libgcc.a(_ctors.o)
                0x00000124                __do_global_ctors
 *(.init6)
 *(.init7)
 *(.init7)
 *(.init8)
 *(.init8)
 *(.init9)
 .init9         0x00000144        0x6 c:/program files (x86)/atmel/studio/7.0/toolchain/avr8/avr8-gnu-toolchain/bin/../lib/gcc/avr/5.4.0/../../../../avr/lib/avr6/crtatmega2560.o
 *(.init9)
 *(.text)
 .text          0x0000014a        0x2 c:/program files (x86)/atmel/studio/7.0/toolchain/avr8/avr8-gnu-toolchain/bin/../lib/gcc/avr/5.4.0/../../../../avr/lib/avr6/crtatmega2560.o
                0x0000014a                __vector_38
                0x0000014a                __vector_22
                0x0000014a                __vector_28
                0x0000014a                __vector_1
                0x0000014a                __vector_32
                0x0000014a                __vector_34
                0x0000014a                __vector_24
                0x0000014a                __vector_12
                0x0000014a                __vector_55
                0x0000014a                __vector_46
                0x0000014a                __bad_interrupt
                0x0000014a                __vector_6
                0x0000014a                __vector_31
                0x0000014a                __vector_35
                0x0000014a                __vector_39
                0x0000014a                __vector_23
                0x0000014a                __vector_30
                0x0000014a                __vector_45
                0x0000014a                __vector_11
                0x0000014a                __vector_54
                0x0000014a                __vector_13
                0x0000014a                __vector_17
                0x0000014a                __vector_56
                0x0000014a                __vector_7
                0x0000014a                __vector_49
                0x0000014a                __vector_41
                0x0000014a                __vector_43
                0x0000014a                __vector_27
                0x0000014a                __vector_5
                0x0000014a                __vector_33
                0x0000014a                __vector_47
                0x0000014a                __vector_52
                0x0000014a                __vector_37
                0x0000014a                __vector_4
                0x0000014a                __vector_44
                0x0000014a                __vector_51
                0x0000014a                __vector_9
                0x0000014a                __vector_2
                0x0000014a                __vector_21
                0x0000014a                __vector_15
                0x0000014a                __vector_36
                0x0000014a                __vector_29
                0x0000014a                __vector_40
                0x0000014a                __vector_8
                0x0000014a                __vector_26
                0x0000014a                __vector_48
                0x0000014a                __vector_14
                0x0000014a                __vector_53
                0x0000014a                __vector_10
                0x0000014a                __vector_50
                0x0000014a                __vector_16
                0x0000014a                __vector_18
                0x0000014a                __vector_20
                0x0000014a                __vector_42
                0x0000014c                . = ALIGN (0x2)
 *(.text.*)
 .text._ZN13DistanceLaser9write_i2cEhhPhh
                0x0000014c       0x5e DistanceLaser/DistanceLaser.o
                0x0000014c                _ZN13DistanceLaser9write_i2cEhhPhh
 .text._ZN13DistanceLaserC2Ev
                0x000001aa       0x32 DistanceLaser/DistanceLaser.o
                0x000001aa                _ZN13DistanceLaserC1Ev
                0x000001aa                _ZN13DistanceLaserC2Ev
 .text._ZN13DistanceLaser8read_i2cEhhPhh
                0x000001dc       0x86 DistanceLaser/DistanceLaser.o
                0x000001dc                _ZN13DistanceLaser8read_i2cEhhPhh
 .text._ZN13DistanceLaser11getDistanceEv
                0x00000262       0x8a DistanceLaser/DistanceLaser.o
                0x00000262                _ZN13DistanceLaser11getDistanceEv
 .text._ZN6DS3231C2Ev
                0x000002ec       0x1a DS3231/DS3231.o
                0x000002ec                _ZN6DS3231C1Ev
                0x000002ec                _ZN6DS3231C2Ev
 .text._ZN6DS323118DS3231_enablealarmEv
                0x00000306       0x32 DS3231/DS3231.o
                0x00000306                _ZN6DS323118DS3231_enablealarmEv
 .text._ZN6DS323119DS3231_disablealarmEv
                0x00000338       0x32 DS3231/DS3231.o
                0x00000338                _ZN6DS323119DS3231_disablealarmEv
 .text._ZN6DS323121DS3231_clearalarmflagEv
                0x0000036a       0x2a DS3231/DS3231.o
                0x0000036a                _ZN6DS323121DS3231_clearalarmflagEv
 .text._GLOBAL__sub_I_rtc
                0x00000394        0x8 DS3231/DS3231.o
 .text._ZN6EEPROM13WriteToEepromEv
                0x0000039c        0xe Eeprom/eeprom.o
                0x0000039c                _ZN6EEPROM13WriteToEepromEv
 .text._ZN6EEPROM11clearEepromEv
                0x000003aa       0x1c Eeprom/eeprom.o
                0x000003aa                _ZN6EEPROM11clearEepromEv
 .text._ZN6EEPROM14ReadFromEepromEv
                0x000003c6        0xe Eeprom/eeprom.o
                0x000003c6                _ZN6EEPROM14ReadFromEepromEv
 .text._ZN6EEPROMC2Eb
                0x000003d4       0x18 Eeprom/eeprom.o
                0x000003d4                _ZN6EEPROMC2Eb
                0x000003d4                _ZN6EEPROMC1Eb
 .text._ZN6EEPROM9SetValueXEj
                0x000003ec        0xc Eeprom/eeprom.o
                0x000003ec                _ZN6EEPROM9SetValueXEj
 .text._ZN6EEPROM9SetValueYEj
                0x000003f8       0x14 Eeprom/eeprom.o
                0x000003f8                _ZN6EEPROM9SetValueYEj
 .text._ZN6EEPROM14GotoFirstValueEv
                0x0000040c       0x12 Eeprom/eeprom.o
                0x0000040c                _ZN6EEPROM14GotoFirstValueEv
 .text._ZN6EEPROM9GetValueXEv
                0x0000041e        0xc Eeprom/eeprom.o
                0x0000041e                _ZN6EEPROM9GetValueXEv
 .text._ZN6EEPROM9GetValueYEv
                0x0000042a       0x14 Eeprom/eeprom.o
                0x0000042a                _ZN6EEPROM9GetValueYEv
 .text._ZN6EEPROM13GotoNextValueEv
                0x0000043e       0x2e Eeprom/eeprom.o
                0x0000043e                _ZN6EEPROM13GotoNextValueEv
 .text.i2c_init
                0x0000046c        0x8 I2C_MASTER/i2c_master.o
                0x0000046c                i2c_init
 .text.i2c_start
                0x00000474       0x4a I2C_MASTER/i2c_master.o
                0x00000474                i2c_start
 .text.i2c_write
                0x000004be       0x24 I2C_MASTER/i2c_master.o
                0x000004be                i2c_write
 .text.i2c_read_ack
                0x000004e2       0x16 I2C_MASTER/i2c_master.o
                0x000004e2                i2c_read_ack
 .text.i2c_read_nack
                0x000004f8       0x16 I2C_MASTER/i2c_master.o
                0x000004f8                i2c_read_nack
 .text.i2c_stop
                0x0000050e       0x12 I2C_MASTER/i2c_master.o
                0x0000050e                i2c_stop
 .text.__vector_25
                0x00000520       0x28 main.o
                0x00000520                __vector_25
 .text._Z10USART_Initv
                0x00000548       0x22 main.o
                0x00000548                _Z10USART_Initv
 .text._Z14USART_SendByteh
                0x0000056a       0x10 main.o
                0x0000056a                _Z14USART_SendByteh
 .text._Z15USART_sendBytesPch
                0x0000057a       0x2a main.o
                0x0000057a                _Z15USART_sendBytesPch
 .text._Z17USART_sendIntegerlh
                0x000005a4       0x3a main.o
                0x000005a4                _Z17USART_sendIntegerlh
 .text.main     0x000005de      0x188 main.o
                0x000005de                main
 .text.__vector_3
                0x00000766       0x66 main.o
                0x00000766                __vector_3
 .text.__vector_19
                0x000007cc       0x54 main.o
                0x000007cc                __vector_19
 .text._ZN11DataManager10fileExistsEv
                0x00000820       0x32 SDCard/sdcard.o
                0x00000820                _ZN11DataManager10fileExistsEv
 .text._ZN11DataManager9writeDataEPc
                0x00000852      0x174 SDCard/sdcard.o
                0x00000852                _ZN11DataManager9writeDataEPc
 .text._ZN11DataManager8initFileEv
                0x000009c6       0x44 SDCard/sdcard.o
                0x000009c6                _ZN11DataManager8initFileEv
 .text._ZN11DataManagerC2EPhS0_
                0x00000a0a       0x38 SDCard/sdcard.o
                0x00000a0a                _ZN11DataManagerC2EPhS0_
                0x00000a0a                _ZN11DataManagerC1EPhS0_
 .text._ZN9ErrorDataC2Ev
                0x00000a42        0xc SDCard/sdcard.o
                0x00000a42                _ZN9ErrorDataC1Ev
                0x00000a42                _ZN9ErrorDataC2Ev
 .text.fat_writeSector
                0x00000a4e        0xe SDCard/vendor/fat.o
                0x00000a4e                fat_writeSector
 .text.fat_loadSector
                0x00000a5c       0x8a SDCard/vendor/fat.o
                0x00000a5c                fat_loadSector
 .text.fat_getFreeRowsOfCluster
                0x00000ae6       0x92 SDCard/vendor/fat.o
 .text.fat_clustToSec
                0x00000b78       0x32 SDCard/vendor/fat.o
                0x00000b78                fat_clustToSec
 .text.fat_secToClust
                0x00000baa       0x36 SDCard/vendor/fat.o
                0x00000baa                fat_secToClust
 .text.fat_loadRowOfSector
                0x00000be0       0x58 SDCard/vendor/fat.o
                0x00000be0                fat_loadRowOfSector
 .text.fat_loadFileDataFromCluster
                0x00000c38      0x13c SDCard/vendor/fat.o
 .text.fat_makeSfnDataEntry
                0x00000d74      0x10a SDCard/vendor/fat.o
                0x00000d74                fat_makeSfnDataEntry
 .text.fat_getNextCluster
                0x00000e7e       0xe8 SDCard/vendor/fat.o
                0x00000e7e                fat_getNextCluster
 .text.fat_loadFileDataFromDir
                0x00000f66       0xd4 SDCard/vendor/fat.o
                0x00000f66                fat_loadFileDataFromDir
 .text.fat_getFatChainClustersInRow
                0x0000103a       0xf0 SDCard/vendor/fat.o
                0x0000103a                fat_getFatChainClustersInRow
 .text.fat_getFreeClustersInRow
                0x0000112a       0xbc SDCard/vendor/fat.o
                0x0000112a                fat_getFreeClustersInRow
 .text.fat_setCluster
                0x000011e6       0xfe SDCard/vendor/fat.o
                0x000011e6                fat_setCluster
 .text.fat_makeFileEntry
                0x000012e4      0x2b0 SDCard/vendor/fat.o
                0x000012e4                fat_makeFileEntry
 .text.fat_setClusterChain
                0x00001594       0xb8 SDCard/vendor/fat.o
                0x00001594                fat_setClusterChain
 .text.ffopen   0x0000164c       0x7e SDCard/vendor/file.o
                0x0000164c                ffopen
 .text.fflushFileData
                0x000016ca      0x17e SDCard/vendor/file.o
                0x000016ca                fflushFileData
 .text.ffclose  0x00001848       0x16 SDCard/vendor/file.o
                0x00001848                ffclose
 .text.ffseek   0x0000185e       0xe2 SDCard/vendor/file.o
                0x0000185e                ffseek
 .text.ffwrite  0x00001940      0x164 SDCard/vendor/file.o
                0x00001940                ffwrite
 .text.ffwrites
                0x00001aa4       0x22 SDCard/vendor/file.o
                0x00001aa4                ffwrites
 .text.spi_write_byte
                0x00001ac6        0xa SDCard/vendor/mmc.o
 .text.spi_read_byte
                0x00001ad0        0xe SDCard/vendor/mmc.o
 .text.mmc_disable
                0x00001ade        0x6 SDCard/vendor/mmc.o
 .text.mmc_send_cmd
                0x00001ae4       0x6c SDCard/vendor/mmc.o
 .text.mmc_write_sector
                0x00001b50       0x80 SDCard/vendor/mmc.o
                0x00001b50                mmc_write_sector
 .text.mmc_read_sector
                0x00001bd0       0x62 SDCard/vendor/mmc.o
                0x00001bd0                mmc_read_sector
 .text.uputc    0x00001c32       0x10 SDCard/vendor/uart.o
                0x00001c32                uputc
 .text.uputs    0x00001c42       0x1c SDCard/vendor/uart.o
                0x00001c42                uputs
 .text._ZN5ServoC2Ev
                0x00001c5e       0x60 servocontrol/Servo.o
                0x00001c5e                _ZN5ServoC1Ev
                0x00001c5e                _ZN5ServoC2Ev
 .text._ZN5Servo8startPWMEv
                0x00001cbe       0x1e servocontrol/Servo.o
                0x00001cbe                _ZN5Servo8startPWMEv
 .text._ZN5Servo7stopPWMEv
                0x00001cdc       0x12 servocontrol/Servo.o
                0x00001cdc                _ZN5Servo7stopPWMEv
 .text._ZN5Servo4moveEjj
                0x00001cee       0x68 servocontrol/Servo.o
                0x00001cee                _ZN5Servo4moveEjj
 .text._ZN5Servo11activateADCEv
                0x00001d56       0x26 servocontrol/Servo.o
                0x00001d56                _ZN5Servo11activateADCEv
 .text._ZN5Servo8ErrorLogEv
                0x00001d7c       0xa6 servocontrol/Servo.o
                0x00001d7c                _ZN5Servo8ErrorLogEv
 .text._ZN5Servo7isErrorEv
                0x00001e22       0x26 servocontrol/Servo.o
                0x00001e22                _ZN5Servo7isErrorEv
 .text._ZN5Servo22CurrentVoltageMeassureEv
                0x00001e48      0x14c servocontrol/Servo.o
                0x00001e48                _ZN5Servo22CurrentVoltageMeassureEv
 .text._ZN5Servo15Interrupt_ServoEv
                0x00001f94       0x5e servocontrol/Servo.o
                0x00001f94                _ZN5Servo15Interrupt_ServoEv
 .text._ZN5Servo12LaserMeasureEv
                0x00001ff2      0x1b6 servocontrol/Servo.o
                0x00001ff2                _ZN5Servo12LaserMeasureEv
 .text._GLOBAL__sub_I_servo
                0x000021a8        0x8 servocontrol/Servo.o
 .text._ZN6myUartC2E12uartSettings
                0x000021b0      0x25a usart/myUart.o
                0x000021b0                _ZN6myUartC2E12uartSettings
                0x000021b0                _ZN6myUartC1E12uartSettings
 .text._ZN6myUartD2Ev
                0x0000240a        0x2 usart/myUart.o
                0x0000240a                _ZN6myUartD2Ev
                0x0000240a                _ZN6myUartD1Ev
 .text._ZN6myUart6enableEv
                0x0000240c       0xaa usart/myUart.o
                0x0000240c                _ZN6myUart6enableEv
 .text._ZN6myUart4LfCrEv
                0x000024b6       0x1a usart/myUart.o
                0x000024b6                _ZN6myUart4LfCrEv
 .text._ZN6myUart5writeEhb
                0x000024d0       0x6a usart/myUart.o
                0x000024d0                _ZN6myUart5writeEhb
 .text._ZN6myUart5writeEPcb
                0x0000253a       0x38 usart/myUart.o
                0x0000253a                _ZN6myUart5writeEPcb
 .text._ZN6myUart5writeEjb
                0x00002572       0x46 usart/myUart.o
                0x00002572                _ZN6myUart5writeEjb
 .text._ZN6usonicC2Ev
                0x000025b8       0x32 usonic/usonic.o
                0x000025b8                _ZN6usonicC2Ev
                0x000025b8                _ZN6usonicC1Ev
 .text._GLOBAL__sub_I_uSonic
                0x000025ea        0x8 usonic/usonic.o
 .text.libgcc.div
                0x000025f2       0x44 c:/program files (x86)/atmel/studio/7.0/toolchain/avr8/avr8-gnu-toolchain/bin/../lib/gcc/avr/5.4.0/avr6\libgcc.a(_udivmodsi4.o)
                0x000025f2                __udivmodsi4
 .text.libgcc.mul
                0x00002636       0x1e c:/program files (x86)/atmel/studio/7.0/toolchain/avr8/avr8-gnu-toolchain/bin/../lib/gcc/avr/5.4.0/avr6\libgcc.a(_umulhisi3.o)
                0x00002636                __umulhisi3
 .text.libgcc.mul
                0x00002654       0x14 c:/program files (x86)/atmel/studio/7.0/toolchain/avr8/avr8-gnu-toolchain/bin/../lib/gcc/avr/5.4.0/avr6\libgcc.a(_muluhisi3.o)
                0x00002654                __muluhisi3
 .text.libgcc   0x00002668       0x10 c:/program files (x86)/atmel/studio/7.0/toolchain/avr8/avr8-gnu-toolchain/bin/../lib/gcc/avr/5.4.0/avr6\libgcc.a(_tablejump2.o)
                0x00002668                __tablejump2__
 .text.avr-libc
                0x00002678      0x242 c:/program files (x86)/atmel/studio/7.0/toolchain/avr8/avr8-gnu-toolchain/bin/../lib/gcc/avr/5.4.0/../../../../avr/lib/avr6\libc.a(malloc.o)
                0x00002678                malloc
                0x000027a8                free
 .text.avr-libc
                0x000028ba       0x10 c:/program files (x86)/atmel/studio/7.0/toolchain/avr8/avr8-gnu-toolchain/bin/../lib/gcc/avr/5.4.0/../../../../avr/lib/avr6\libc.a(toupper.o)
                0x000028ba                toupper
 .text.avr-libc
                0x000028ca       0x16 c:/program files (x86)/atmel/studio/7.0/toolchain/avr8/avr8-gnu-toolchain/bin/../lib/gcc/avr/5.4.0/../../../../avr/lib/avr6\libc.a(strcat.o)
                0x000028ca                strcat
 .text.avr-libc
                0x000028e0       0x1e c:/program files (x86)/atmel/studio/7.0/toolchain/avr8/avr8-gnu-toolchain/bin/../lib/gcc/avr/5.4.0/../../../../avr/lib/avr6\libc.a(strncpy.o)
                0x000028e0                strncpy
 .text.avr-libc
                0x000028fe       0x14 c:/program files (x86)/atmel/studio/7.0/toolchain/avr8/avr8-gnu-toolchain/bin/../lib/gcc/avr/5.4.0/../../../../avr/lib/avr6\libc.a(itoa_ncheck.o)
                0x000028fe                __itoa_ncheck
 .text.avr-libc
                0x00002912       0x1c c:/program files (x86)/atmel/studio/7.0/toolchain/avr8/avr8-gnu-toolchain/bin/../lib/gcc/avr/5.4.0/../../../../avr/lib/avr6\libc.a(ltoa_ncheck.o)
                0x00002912                __ltoa_ncheck
 .text.avr-libc
                0x0000292e       0x42 c:/program files (x86)/atmel/studio/7.0/toolchain/avr8/avr8-gnu-toolchain/bin/../lib/gcc/avr/5.4.0/../../../../avr/lib/avr6\libc.a(ultoa_ncheck.o)
                0x0000292e                __ultoa_ncheck
                0x00002930                __ultoa_common
 .text.avr-libc
                0x00002970       0x32 c:/program files (x86)/atmel/studio/7.0/toolchain/avr8/avr8-gnu-toolchain/bin/../lib/gcc/avr/5.4.0/../../../../avr/lib/avr6\libc.a(utoa_ncheck.o)
                0x00002970                __utoa_ncheck
                0x00002972                __utoa_common
 .text.avr-libc
                0x000029a2       0x20 c:/program files (x86)/atmel/studio/7.0/toolchain/avr8/avr8-gnu-toolchain/bin/../lib/gcc/avr/5.4.0/../../../../avr/lib/avr6\libc.a(strrev.o)
                0x000029a2                strrev
 .text.avr-libc
                0x000029c2       0x20 c:/program files (x86)/atmel/studio/7.0/toolchain/avr8/avr8-gnu-toolchain/bin/../lib/gcc/avr/5.4.0/../../../../avr/lib/avr6\libatmega2560.a(eerd_block.o)
                0x000029c2                eeprom_read_block
                0x000029c6                eeprom_read_blraw
 .text.avr-libc
                0x000029e2        0xa c:/program files (x86)/atmel/studio/7.0/toolchain/avr8/avr8-gnu-toolchain/bin/../lib/gcc/avr/5.4.0/../../../../avr/lib/avr6\libatmega2560.a(eerd_word.o)
                0x000029e2                eeprom_read_word
 .text.avr-libc
                0x000029ec       0x1e c:/program files (x86)/atmel/studio/7.0/toolchain/avr8/avr8-gnu-toolchain/bin/../lib/gcc/avr/5.4.0/../../../../avr/lib/avr6\libatmega2560.a(eeupd_block.o)
                0x000029ec                eeprom_update_block
 .text.avr-libc
                0x00002a0a       0x24 c:/program files (x86)/atmel/studio/7.0/toolchain/avr8/avr8-gnu-toolchain/bin/../lib/gcc/avr/5.4.0/../../../../avr/lib/avr6\libatmega2560.a(eeupd_byte.o)
                0x00002a0a                eeprom_update_byte
                0x00002a0c                eeprom_update_r18
 .text.avr-libc
                0x00002a2e        0x8 c:/program files (x86)/atmel/studio/7.0/toolchain/avr8/avr8-gnu-toolchain/bin/../lib/gcc/avr/5.4.0/../../../../avr/lib/avr6\libatmega2560.a(eeupd_word.o)
                0x00002a2e                eeprom_update_word
                0x00002a36                . = ALIGN (0x2)
 *(.fini9)
 .fini9         0x00002a36        0x0 c:/program files (x86)/atmel/studio/7.0/toolchain/avr8/avr8-gnu-toolchain/bin/../lib/gcc/avr/5.4.0/avr6\libgcc.a(_exit.o)
                0x00002a36                _exit
                0x00002a36                exit
 *(.fini9)
 *(.fini8)
 *(.fini8)
 *(.fini7)
 *(.fini7)
 *(.fini6)
 *(.fini6)
 *(.fini5)
 *(.fini5)
 *(.fini4)
 *(.fini4)
 *(.fini3)
 *(.fini3)
 *(.fini2)
 *(.fini2)
 *(.fini1)
 *(.fini1)
 *(.fini0)
 .fini0         0x00002a36        0x4 c:/program files (x86)/atmel/studio/7.0/toolchain/avr8/avr8-gnu-toolchain/bin/../lib/gcc/avr/5.4.0/avr6\libgcc.a(_exit.o)
 *(.fini0)
                0x00002a3a                _etext = .

.data           0x00800200      0x28c load address 0x00002a3a
                0x00800200                PROVIDE (__data_start, .)
 *(.data)
 .data          0x00800200        0x6 c:/program files (x86)/atmel/studio/7.0/toolchain/avr8/avr8-gnu-toolchain/bin/../lib/gcc/avr/5.4.0/../../../../avr/lib/avr6\libc.a(malloc.o)
                0x00800200                __malloc_heap_end
                0x00800202                __malloc_heap_start
                0x00800204                __malloc_margin
 *(.data*)
 *(.gnu.linkonce.d*)
 *(.rodata)
 .rodata        0x00800206      0x1a4 SDCard/sdcard.o
 *(.rodata*)
 .rodata.str1.1
                0x008003aa       0x68 SDCard/sdcard.o
                                 0x69 (size before relaxing)
 .rodata.str1.1
                0x00800412       0x79 servocontrol/Servo.o
 *(.gnu.linkonce.r*)
                0x0080048c                . = ALIGN (0x2)
 *fill*         0x0080048b        0x1 
                0x0080048c                _edata = .
                0x0080048c                PROVIDE (__data_end, .)

.bss            0x0080048c      0x26f
                0x0080048c                PROVIDE (__bss_start, .)
 *(.bss)
 *(.bss*)
 .bss.rtc       0x0080048c        0x2 DS3231/DS3231.o
                0x0080048c                rtc
 .bss.value     0x0080048e        0x1 main.o
                0x0080048e                value
 .bss.match.1965
                0x0080048f        0x1 SDCard/vendor/fat.o
 .bss.servo     0x00800490       0x28 servocontrol/Servo.o
                0x00800490                servo
 .bss.uSonic    0x008004b8        0x4 usonic/usonic.o
                0x008004b8                uSonic
 *(COMMON)
 COMMON         0x008004bc      0x222 SDCard/vendor/fat.o
                0x008004bc                fat
                0x008006d4                chain
 COMMON         0x008006de       0x19 SDCard/vendor/file.o
                0x008006de                file
 COMMON         0x008006f7        0x4 c:/program files (x86)/atmel/studio/7.0/toolchain/avr8/avr8-gnu-toolchain/bin/../lib/gcc/avr/5.4.0/../../../../avr/lib/avr6\libc.a(malloc.o)
                0x008006f7                __brkval
                0x008006f9                __flp
                0x008006fb                PROVIDE (__bss_end, .)
                0x00002a3a                __data_load_start = LOADADDR (.data)
                0x00002cc6                __data_load_end = (__data_load_start + SIZEOF (.data))

.noinit         0x008006fb        0x0
                [!provide]                PROVIDE (__noinit_start, .)
 *(.noinit*)
                [!provide]                PROVIDE (__noinit_end, .)
                0x008006fb                _end = .
                0x008006fb                PROVIDE (__heap_start, .)

.eeprom         0x00810000        0x0
 *(.eeprom*)
                0x00810000                __eeprom_end = .

.fuse
 *(.fuse)
 *(.lfuse)
 *(.hfuse)
 *(.efuse)

.lock
 *(.lock*)

.signature
 *(.signature*)

.user_signatures
 *(.user_signatures*)

.stab
 *(.stab)

.stabstr
 *(.stabstr)

.stab.excl
 *(.stab.excl)

.stab.exclstr
 *(.stab.exclstr)

.stab.index
 *(.stab.index)

.stab.indexstr
 *(.stab.indexstr)

.comment        0x00000000       0x30
 *(.comment)
 .comment       0x00000000       0x30 DistanceLaser/DistanceLaser.o
                                 0x31 (size before relaxing)
 .comment       0x00000030       0x31 DS3231/DS3231.o
 .comment       0x00000030       0x31 Eeprom/eeprom.o
 .comment       0x00000030       0x31 I2C_MASTER/i2c_master.o
 .comment       0x00000030       0x31 main.o
 .comment       0x00000030       0x31 SDCard/sdcard.o
 .comment       0x00000030       0x31 SDCard/vendor/fat.o
 .comment       0x00000030       0x31 SDCard/vendor/file.o
 .comment       0x00000030       0x31 SDCard/vendor/mmc.o
 .comment       0x00000030       0x31 SDCard/vendor/uart.o
 .comment       0x00000030       0x31 servocontrol/Servo.o
 .comment       0x00000030       0x31 usart/myUart.o
 .comment       0x00000030       0x31 usonic/usonic.o
 .comment       0x00000030       0x31 c:/program files (x86)/atmel/studio/7.0/toolchain/avr8/avr8-gnu-toolchain/bin/../lib/gcc/avr/5.4.0/../../../../avr/lib/avr6\libc.a(malloc.o)

.note.gnu.avr.deviceinfo
                0x00000000       0x40
 .note.gnu.avr.deviceinfo
                0x00000000       0x40 c:/program files (x86)/atmel/studio/7.0/toolchain/avr8/avr8-gnu-toolchain/bin/../lib/gcc/avr/5.4.0/../../../../avr/lib/avr6/crtatmega2560.o

.note.gnu.build-id
 *(.note.gnu.build-id)

.debug
 *(.debug)

.line
 *(.line)

.debug_srcinfo
 *(.debug_srcinfo)

.debug_sfnames
 *(.debug_sfnames)

.debug_aranges  0x00000000      0x588
 *(.debug_aranges)
 .debug_aranges
                0x00000000       0x50 DistanceLaser/DistanceLaser.o
 .debug_aranges
                0x00000050       0x88 DS3231/DS3231.o
 .debug_aranges
                0x000000d8       0x68 Eeprom/eeprom.o
 .debug_aranges
                0x00000140       0x58 I2C_MASTER/i2c_master.o
 .debug_aranges
                0x00000198       0x88 main.o
 .debug_aranges
                0x00000220       0x70 SDCard/sdcard.o
 .debug_aranges
                0x00000290       0xa0 SDCard/vendor/fat.o
 .debug_aranges
                0x00000330       0x68 SDCard/vendor/file.o
 .debug_aranges
                0x00000398       0x50 SDCard/vendor/mmc.o
 .debug_aranges
                0x000003e8       0x30 SDCard/vendor/uart.o
 .debug_aranges
                0x00000418       0x90 servocontrol/Servo.o
 .debug_aranges
                0x000004a8       0x98 usart/myUart.o
 .debug_aranges
                0x00000540       0x48 usonic/usonic.o

.debug_pubnames
 *(.debug_pubnames)

.debug_info     0x00000000     0xa3c2
 *(.debug_info .gnu.linkonce.wi.*)
 .debug_info    0x00000000      0xbbc c:/program files (x86)/atmel/studio/7.0/toolchain/avr8/avr8-gnu-toolchain/bin/../lib/gcc/avr/5.4.0/../../../../avr/lib/avr6/crtatmega2560.o
 .debug_info    0x00000bbc      0x7a6 DistanceLaser/DistanceLaser.o
 .debug_info    0x00001362     0x1041 DS3231/DS3231.o
 .debug_info    0x000023a3      0x596 Eeprom/eeprom.o
 .debug_info    0x00002939      0x26c I2C_MASTER/i2c_master.o
 .debug_info    0x00002ba5     0x20ea main.o
 .debug_info    0x00004c8f      0xd67 SDCard/sdcard.o
 .debug_info    0x000059f6      0xdb7 SDCard/vendor/fat.o
 .debug_info    0x000067ad      0x7a0 SDCard/vendor/file.o
 .debug_info    0x00006f4d      0x6dd SDCard/vendor/mmc.o
 .debug_info    0x0000762a       0xf2 SDCard/vendor/uart.o
 .debug_info    0x0000771c     0x1837 servocontrol/Servo.o
 .debug_info    0x00008f53      0xea7 usart/myUart.o
 .debug_info    0x00009dfa      0x5c8 usonic/usonic.o

.debug_abbrev   0x00000000     0x2cb8
 *(.debug_abbrev)
 .debug_abbrev  0x00000000      0xb1a c:/program files (x86)/atmel/studio/7.0/toolchain/avr8/avr8-gnu-toolchain/bin/../lib/gcc/avr/5.4.0/../../../../avr/lib/avr6/crtatmega2560.o
 .debug_abbrev  0x00000b1a      0x1ea DistanceLaser/DistanceLaser.o
 .debug_abbrev  0x00000d04      0x3a6 DS3231/DS3231.o
 .debug_abbrev  0x000010aa      0x1af Eeprom/eeprom.o
 .debug_abbrev  0x00001259      0x12b I2C_MASTER/i2c_master.o
 .debug_abbrev  0x00001384      0x49f main.o
 .debug_abbrev  0x00001823      0x2c0 SDCard/sdcard.o
 .debug_abbrev  0x00001ae3      0x2b5 SDCard/vendor/fat.o
 .debug_abbrev  0x00001d98      0x230 SDCard/vendor/file.o
 .debug_abbrev  0x00001fc8      0x25d SDCard/vendor/mmc.o
 .debug_abbrev  0x00002225       0xb7 SDCard/vendor/uart.o
 .debug_abbrev  0x000022dc      0x430 servocontrol/Servo.o
 .debug_abbrev  0x0000270c      0x324 usart/myUart.o
 .debug_abbrev  0x00002a30      0x288 usonic/usonic.o

.debug_line     0x00000000     0x38cc
 *(.debug_line .debug_line.* .debug_line_end)
 .debug_line    0x00000000       0x1a c:/program files (x86)/atmel/studio/7.0/toolchain/avr8/avr8-gnu-toolchain/bin/../lib/gcc/avr/5.4.0/../../../../avr/lib/avr6/crtatmega2560.o
 .debug_line    0x0000001a      0x2a5 DistanceLaser/DistanceLaser.o
 .debug_line    0x000002bf      0x58d DS3231/DS3231.o
 .debug_line    0x0000084c      0x273 Eeprom/eeprom.o
 .debug_line    0x00000abf      0x298 I2C_MASTER/i2c_master.o
 .debug_line    0x00000d57      0x7d6 main.o
 .debug_line    0x0000152d      0x3b8 SDCard/sdcard.o
 .debug_line    0x000018e5      0x779 SDCard/vendor/fat.o
 .debug_line    0x0000205e      0x4ba SDCard/vendor/file.o
 .debug_line    0x00002518      0x3d7 SDCard/vendor/mmc.o
 .debug_line    0x000028ef      0x10f SDCard/vendor/uart.o
 .debug_line    0x000029fe      0x6b0 servocontrol/Servo.o
 .debug_line    0x000030ae      0x57e usart/myUart.o
 .debug_line    0x0000362c      0x2a0 usonic/usonic.o

.debug_frame    0x00000000     0x1688
 *(.debug_frame)
 .debug_frame   0x00000000      0x154 DistanceLaser/DistanceLaser.o
 .debug_frame   0x00000154      0x208 DS3231/DS3231.o
 .debug_frame   0x0000035c       0xc0 Eeprom/eeprom.o
 .debug_frame   0x0000041c       0xe8 I2C_MASTER/i2c_master.o
 .debug_frame   0x00000504      0x30c main.o
 .debug_frame   0x00000810      0x194 SDCard/sdcard.o
 .debug_frame   0x000009a4      0x460 SDCard/vendor/fat.o
 .debug_frame   0x00000e04      0x1bc SDCard/vendor/file.o
 .debug_frame   0x00000fc0      0x104 SDCard/vendor/mmc.o
 .debug_frame   0x000010c4       0x50 SDCard/vendor/uart.o
 .debug_frame   0x00001114      0x1c8 servocontrol/Servo.o
 .debug_frame   0x000012dc      0x280 usart/myUart.o
 .debug_frame   0x0000155c      0x12c usonic/usonic.o

.debug_str      0x00000000     0x2815
 *(.debug_str)
 .debug_str     0x00000000      0x3e6 c:/program files (x86)/atmel/studio/7.0/toolchain/avr8/avr8-gnu-toolchain/bin/../lib/gcc/avr/5.4.0/../../../../avr/lib/avr6/crtatmega2560.o
 .debug_str     0x000003e6      0x431 DistanceLaser/DistanceLaser.o
                                0x46c (size before relaxing)
 .debug_str     0x00000817      0x3f7 DS3231/DS3231.o
                                0x635 (size before relaxing)
 .debug_str     0x00000c0e      0x2ae Eeprom/eeprom.o
                                0x49b (size before relaxing)
 .debug_str     0x00000ebc       0xec I2C_MASTER/i2c_master.o
                                0x220 (size before relaxing)
 .debug_str     0x00000fa8      0xfdb main.o
                               0x1761 (size before relaxing)
 .debug_str     0x00001f83      0x20a SDCard/sdcard.o
                                0x66e (size before relaxing)
 .debug_str     0x0000218d      0x30f SDCard/vendor/fat.o
                                0x513 (size before relaxing)
 .debug_str     0x0000249c       0x7f SDCard/vendor/file.o
                                0x443 (size before relaxing)
 .debug_str     0x0000251b       0xa2 SDCard/vendor/mmc.o
                                0x2d4 (size before relaxing)
 .debug_str     0x000025bd       0x18 SDCard/vendor/uart.o
                                0x1bd (size before relaxing)
 .debug_str     0x000025d5       0xf0 servocontrol/Servo.o
                                0xf91 (size before relaxing)
 .debug_str     0x000026c5       0x7d usart/myUart.o
                                0x538 (size before relaxing)
 .debug_str     0x00002742       0xd3 usonic/usonic.o
                                0x526 (size before relaxing)

.debug_loc      0x00000000     0x7582
 *(.debug_loc)
 .debug_loc     0x00000000      0x68f DistanceLaser/DistanceLaser.o
 .debug_loc     0x0000068f      0xcb7 DS3231/DS3231.o
 .debug_loc     0x00001346      0x26c Eeprom/eeprom.o
 .debug_loc     0x000015b2      0x35a I2C_MASTER/i2c_master.o
 .debug_loc     0x0000190c      0xed2 main.o
 .debug_loc     0x000027de      0x5cf SDCard/sdcard.o
 .debug_loc     0x00002dad     0x1802 SDCard/vendor/fat.o
 .debug_loc     0x000045af      0x68d SDCard/vendor/file.o
 .debug_loc     0x00004c3c      0x5bd SDCard/vendor/mmc.o
 .debug_loc     0x000051f9       0x64 SDCard/vendor/uart.o
 .debug_loc     0x0000525d      0x7c1 servocontrol/Servo.o
 .debug_loc     0x00005a1e     0x13d9 usart/myUart.o
 .debug_loc     0x00006df7      0x78b usonic/usonic.o

.debug_macinfo
 *(.debug_macinfo)

.debug_weaknames
 *(.debug_weaknames)

.debug_funcnames
 *(.debug_funcnames)

.debug_typenames
 *(.debug_typenames)

.debug_varnames
 *(.debug_varnames)

.debug_pubtypes
 *(.debug_pubtypes)

.debug_ranges   0x00000000      0x590
 *(.debug_ranges)
 .debug_ranges  0x00000000       0x58 DistanceLaser/DistanceLaser.o
 .debug_ranges  0x00000058       0x78 DS3231/DS3231.o
 .debug_ranges  0x000000d0       0x58 Eeprom/eeprom.o
 .debug_ranges  0x00000128       0x60 I2C_MASTER/i2c_master.o
 .debug_ranges  0x00000188       0x78 main.o
 .debug_ranges  0x00000200       0x60 SDCard/sdcard.o
 .debug_ranges  0x00000260       0xa8 SDCard/vendor/fat.o
 .debug_ranges  0x00000308       0x58 SDCard/vendor/file.o
 .debug_ranges  0x00000360       0x40 SDCard/vendor/mmc.o
 .debug_ranges  0x000003a0       0x20 SDCard/vendor/uart.o
 .debug_ranges  0x000003c0       0xb0 servocontrol/Servo.o
 .debug_ranges  0x00000470       0xa0 usart/myUart.o
 .debug_ranges  0x00000510       0x80 usonic/usonic.o

.debug_macro
 *(.debug_macro)
OUTPUT(SnowHeightMeasurement.elf elf32-avr)
LOAD linker stubs
